Command line invocation:
    /Applications/Xcode.app/Contents/Developer/usr/bin/xcodebuild -project Nanobeasts.xcodeproj -scheme Nanobeasts -configuration Debug -destination id=00008101-000950622EF0801E -derivedDataPath build/Device -allowProvisioningUpdates build

Resolve Package Graph


Resolved source packages:
  SDWebImage: https://github.com/SDWebImage/SDWebImage.git @ 5.21.7
  SDWebImageWebPCoder: https://github.com/SDWebImage/SDWebImageWebPCoder.git @ 0.15.0
  RevenueCat: https://github.com/RevenueCat/purchases-ios-spm.git @ 5.81.3
  libwebp: https://github.com/SDWebImage/libwebp-Xcode.git @ 1.5.0

ComputePackagePrebuildTargetDependencyGraph

Prepare packages

CreateBuildRequest

SendProjectDescription

CreateBuildOperation

ComputeTargetDependencyGraph
note: Building targets in dependency order
note: Target dependency graph (13 targets)
    Target 'Nanobeasts' in project 'Nanobeasts'
        ➜ Explicit dependency on target 'NanobeastsWatch' in project 'Nanobeasts'
        ➜ Explicit dependency on target 'NanobeastsWidgets' in project 'Nanobeasts'
        ➜ Explicit dependency on target 'RevenueCat' in project 'RevenueCat'
        ➜ Explicit dependency on target 'SDWebImage' in project 'SDWebImage'
        ➜ Explicit dependency on target 'SDWebImageWebPCoder' in project 'SDWebImageWebPCoder'
    Target 'SDWebImageWebPCoder' in project 'SDWebImageWebPCoder'
        ➜ Explicit dependency on target 'SDWebImageWebPCoder' in project 'SDWebImageWebPCoder'
        ➜ Explicit dependency on target 'SDWebImage' in project 'SDWebImage'
        ➜ Explicit dependency on target 'libwebp' in project 'libwebp'
    Target 'SDWebImageWebPCoder' in project 'SDWebImageWebPCoder'
        ➜ Explicit dependency on target 'SDWebImage' in project 'SDWebImage'
        ➜ Explicit dependency on target 'libwebp' in project 'libwebp'
    Target 'libwebp' in project 'libwebp'
        ➜ Explicit dependency on target 'libwebp' in project 'libwebp'
    Target 'libwebp' in project 'libwebp' (no dependencies)
    Target 'SDWebImage' in project 'SDWebImage'
        ➜ Explicit dependency on target 'SDWebImage' in project 'SDWebImage'
        ➜ Explicit dependency on target 'SDWebImage_SDWebImage' in project 'SDWebImage'
    Target 'SDWebImage' in project 'SDWebImage'
        ➜ Explicit dependency on target 'SDWebImage_SDWebImage' in project 'SDWebImage'
    Target 'SDWebImage_SDWebImage' in project 'SDWebImage' (no dependencies)
    Target 'RevenueCat' in project 'RevenueCat'
        ➜ Explicit dependency on target 'RevenueCat' in project 'RevenueCat'
        ➜ Explicit dependency on target 'RevenueCat_RevenueCat' in project 'RevenueCat'
    Target 'RevenueCat' in project 'RevenueCat'
        ➜ Explicit dependency on target 'RevenueCat_RevenueCat' in project 'RevenueCat'
    Target 'RevenueCat_RevenueCat' in project 'RevenueCat' (no dependencies)
    Target 'NanobeastsWidgets' in project 'Nanobeasts' (no dependencies)
    Target 'NanobeastsWatch' in project 'Nanobeasts' (no dependencies)

GatherProvisioningInputs

CreateBuildDescription

ExecuteExternalTool /Applications/Xcode.app/Contents/Developer/Toolchains/XcodeDefault.xctoolchain/usr/bin/swiftc --version

ExecuteExternalTool /Applications/Xcode.app/Contents/Developer/usr/bin/actool --print-asset-tag-combinations --output-format xml1 /Users/ervenstnoel/Documents/Nanobeasts Native/NanobeastsWatch/Assets.xcassets

ExecuteExternalTool /Applications/Xcode.app/Contents/Developer/Toolchains/XcodeDefault.xctoolchain/usr/bin/clang -v -E -dM -arch arm64 -isysroot /Applications/Xcode.app/Contents/Developer/Platforms/iPhoneOS.platform/Developer/SDKs/iPhoneOS26.5.sdk -x objective-c -c /dev/null

ExecuteExternalTool /Applications/Xcode.app/Contents/Developer/Toolchains/XcodeDefault.xctoolchain/usr/bin/clang -v -E -dM -isysroot /Applications/Xcode.app/Contents/Developer/Platforms/WatchOS.platform/Developer/SDKs/WatchOS26.5.sdk -x c -c /dev/null

ExecuteExternalTool /Applications/Xcode.app/Contents/Developer/usr/bin/actool --print-asset-tag-combinations --output-format xml1 /Users/ervenstnoel/Documents/Nanobeasts Native/Nanobeasts/Resources/Assets.xcassets

ExecuteExternalTool /Applications/Xcode.app/Contents/Developer/Toolchains/XcodeDefault.xctoolchain/usr/bin/clang -v -E -dM -arch arm64 -isysroot /Applications/Xcode.app/Contents/Developer/Platforms/iPhoneOS.platform/Developer/SDKs/iPhoneOS26.5.sdk -x c -c /dev/null

ExecuteExternalTool /Applications/Xcode.app/Contents/Developer/Toolchains/XcodeDefault.xctoolchain/usr/bin/clang -v -E -dM -isysroot /Applications/Xcode.app/Contents/Developer/Platforms/iPhoneOS.platform/Developer/SDKs/iPhoneOS26.5.sdk -x c -c /dev/null

ExecuteExternalTool /Applications/Xcode.app/Contents/Developer/Toolchains/XcodeDefault.xctoolchain/usr/bin/ld -version_details

ReadFileContents /Applications/Xcode.app/Contents/Developer/Toolchains/XcodeDefault.xctoolchain/usr/share/docc/features.json

ExecuteExternalTool /Applications/Xcode.app/Contents/Developer/usr/bin/actool --version --output-format xml1

Build description signature: 5ea852374a0e53d155b1a9c642571c33
Build description path: /Users/ervenstnoel/Documents/Nanobeasts Native/build/Device/Build/Intermediates.noindex/XCBuildData/5ea852374a0e53d155b1a9c642571c33.xcbuilddata
ProcessInfoPlistFile /Users/ervenstnoel/Documents/Nanobeasts\ Native/build/Device/Build/Products/Debug-iphoneos/NanobeastsWidgets.appex/Info.plist /Users/ervenstnoel/Documents/Nanobeasts\ Native/NanobeastsWidgets/Info.plist (in target 'NanobeastsWidgets' from project 'Nanobeasts')
    cd /Users/ervenstnoel/Documents/Nanobeasts\ Native
    builtin-infoPlistUtility /Users/ervenstnoel/Documents/Nanobeasts\ Native/NanobeastsWidgets/Info.plist -producttype com.apple.product-type.app-extension -expandbuildsettings -format binary -platform iphoneos -requiredArchitecture arm64 -o /Users/ervenstnoel/Documents/Nanobeasts\ Native/build/Device/Build/Products/Debug-iphoneos/NanobeastsWidgets.appex/Info.plist

ClangStatCache /Applications/Xcode.app/Contents/Developer/Toolchains/XcodeDefault.xctoolchain/usr/bin/clang-stat-cache /Applications/Xcode.app/Contents/Developer/Platforms/iPhoneOS.platform/Developer/SDKs/iPhoneOS26.5.sdk /Users/ervenstnoel/Documents/Nanobeasts\ Native/build/Device/SDKStatCaches.noindex/iphoneos26.5-23F73-32daed1954a7d5dd0789fcaf2a9bb78b.sdkstatcache
    cd /Users/ervenstnoel/Documents/Nanobeasts\ Native/Nanobeasts.xcodeproj
    /Applications/Xcode.app/Contents/Developer/Toolchains/XcodeDefault.xctoolchain/usr/bin/clang-stat-cache /Applications/Xcode.app/Contents/Developer/Platforms/iPhoneOS.platform/Developer/SDKs/iPhoneOS26.5.sdk -o /Users/ervenstnoel/Documents/Nanobeasts\ Native/build/Device/SDKStatCaches.noindex/iphoneos26.5-23F73-32daed1954a7d5dd0789fcaf2a9bb78b.sdkstatcache

AppIntentsSSUTraining (in target 'NanobeastsWidgets' from project 'Nanobeasts')
    cd /Users/ervenstnoel/Documents/Nanobeasts\ Native
    /Applications/Xcode.app/Contents/Developer/Toolchains/XcodeDefault.xctoolchain/usr/bin/appintentsnltrainingprocessor --infoplist-path /Users/ervenstnoel/Documents/Nanobeasts\ Native/build/Device/Build/Products/Debug-iphoneos/NanobeastsWidgets.appex/Info.plist --temp-dir-path /Users/ervenstnoel/Documents/Nanobeasts\ Native/build/Device/Build/Intermediates.noindex/Nanobeasts.build/Debug-iphoneos/NanobeastsWidgets.build/ssu --bundle-id com.twosyntaxerrors.nanobeasts.native.widgets --product-path /Users/ervenstnoel/Documents/Nanobeasts\ Native/build/Device/Build/Products/Debug-iphoneos/NanobeastsWidgets.appex --extracted-metadata-path /Users/ervenstnoel/Documents/Nanobeasts\ Native/build/Device/Build/Products/Debug-iphoneos/NanobeastsWidgets.appex/Metadata.appintents --metadata-file-list /Users/ervenstnoel/Documents/Nanobeasts\ Native/build/Device/Build/Intermediates.noindex/Nanobeasts.build/Debug-iphoneos/NanobeastsWidgets.build/NanobeastsWidgets.DependencyMetadataFileList --source-file /Users/ervenstnoel/Documents/Nanobeasts\ Native/build/Device/Build/Products/Debug-iphoneos/NanobeastsWidgets.appex/Info.plist --archive-ssu-assets
2026-09-08 18:06:15.154 appintentsnltrainingprocessor[70483:541308] Parsing options for appintentsnltrainingprocessor
2026-09-08 18:06:15.155 appintentsnltrainingprocessor[70483:541308] Starting AppIntents SSU YAML Generation
2026-09-08 18:06:15.197 appintentsnltrainingprocessor[70483:541308] No AppShortcuts found - Skipping.

CodeSign /Users/ervenstnoel/Documents/Nanobeasts\ Native/build/Device/Build/Products/Debug-iphoneos/NanobeastsWidgets.appex/NanobeastsWidgets.debug.dylib (in target 'NanobeastsWidgets' from project 'Nanobeasts')
    cd /Users/ervenstnoel/Documents/Nanobeasts\ Native
    
    Signing Identity:     "Apple Development: Ervenst Noel (TS5WNTMNXC)"
    Provisioning Profile: "Nanobeasts Native Widgets Development"
                          (4b9d8597-4611-468d-85a6-cc431a5be764)
    
    /usr/bin/codesign --force --sign F2A91A5A78E301C3D49539D0F6EFFDBA88F2249E --timestamp\=none --generate-entitlement-der /Users/ervenstnoel/Documents/Nanobeasts\ Native/build/Device/Build/Products/Debug-iphoneos/NanobeastsWidgets.appex/NanobeastsWidgets.debug.dylib
/Users/ervenstnoel/Documents/Nanobeasts Native/build/Device/Build/Products/Debug-iphoneos/NanobeastsWidgets.appex/NanobeastsWidgets.debug.dylib: replacing existing signature

CodeSign /Users/ervenstnoel/Documents/Nanobeasts\ Native/build/Device/Build/Products/Debug-iphoneos/NanobeastsWidgets.appex/__preview.dylib (in target 'NanobeastsWidgets' from project 'Nanobeasts')
    cd /Users/ervenstnoel/Documents/Nanobeasts\ Native
    
    Signing Identity:     "Apple Development: Ervenst Noel (TS5WNTMNXC)"
    Provisioning Profile: "Nanobeasts Native Widgets Development"
                          (4b9d8597-4611-468d-85a6-cc431a5be764)
    
    /usr/bin/codesign --force --sign F2A91A5A78E301C3D49539D0F6EFFDBA88F2249E --timestamp\=none --generate-entitlement-der /Users/ervenstnoel/Documents/Nanobeasts\ Native/build/Device/Build/Products/Debug-iphoneos/NanobeastsWidgets.appex/__preview.dylib
/Users/ervenstnoel/Documents/Nanobeasts Native/build/Device/Build/Products/Debug-iphoneos/NanobeastsWidgets.appex/__preview.dylib: replacing existing signature

CodeSign /Users/ervenstnoel/Documents/Nanobeasts\ Native/build/Device/Build/Products/Debug-iphoneos/NanobeastsWidgets.appex (in target 'NanobeastsWidgets' from project 'Nanobeasts')
    cd /Users/ervenstnoel/Documents/Nanobeasts\ Native
    
    Signing Identity:     "Apple Development: Ervenst Noel (TS5WNTMNXC)"
    Provisioning Profile: "Nanobeasts Native Widgets Development"
                          (4b9d8597-4611-468d-85a6-cc431a5be764)
    
    /usr/bin/codesign --force --sign F2A91A5A78E301C3D49539D0F6EFFDBA88F2249E --entitlements /Users/ervenstnoel/Documents/Nanobeasts\ Native/build/Device/Build/Intermediates.noindex/Nanobeasts.build/Debug-iphoneos/NanobeastsWidgets.build/NanobeastsWidgets.appex.xcent --timestamp\=none --generate-entitlement-der /Users/ervenstnoel/Documents/Nanobeasts\ Native/build/Device/Build/Products/Debug-iphoneos/NanobeastsWidgets.appex
/Users/ervenstnoel/Documents/Nanobeasts Native/build/Device/Build/Products/Debug-iphoneos/NanobeastsWidgets.appex: replacing existing signature

ClangStatCache /Applications/Xcode.app/Contents/Developer/Toolchains/XcodeDefault.xctoolchain/usr/bin/clang-stat-cache /Applications/Xcode.app/Contents/Developer/Platforms/WatchOS.platform/Developer/SDKs/WatchOS26.5.sdk /Users/ervenstnoel/Documents/Nanobeasts\ Native/build/Device/SDKStatCaches.noindex/watchos26.5-23T570-6c525d28bb7368d9e3b927c5b9753508.sdkstatcache
    cd /Users/ervenstnoel/Documents/Nanobeasts\ Native/Nanobeasts.xcodeproj
    /Applications/Xcode.app/Contents/Developer/Toolchains/XcodeDefault.xctoolchain/usr/bin/clang-stat-cache /Applications/Xcode.app/Contents/Developer/Platforms/WatchOS.platform/Developer/SDKs/WatchOS26.5.sdk -o /Users/ervenstnoel/Documents/Nanobeasts\ Native/build/Device/SDKStatCaches.noindex/watchos26.5-23T570-6c525d28bb7368d9e3b927c5b9753508.sdkstatcache

ProcessInfoPlistFile /Users/ervenstnoel/Documents/Nanobeasts\ Native/build/Device/Build/Products/Debug-iphoneos/SDWebImage_SDWebImage.bundle/Info.plist /Users/ervenstnoel/Documents/Nanobeasts\ Native/build/Device/Build/Intermediates.noindex/SDWebImage.build/Debug-iphoneos/SDWebImage_SDWebImage.build/empty-SDWebImage_SDWebImage.plist (in target 'SDWebImage_SDWebImage' from project 'SDWebImage')
    cd /Users/ervenstnoel/Documents/Nanobeasts\ Native/build/Device/SourcePackages/checkouts/SDWebImage
    builtin-infoPlistUtility /Users/ervenstnoel/Documents/Nanobeasts\ Native/build/Device/Build/Intermediates.noindex/SDWebImage.build/Debug-iphoneos/SDWebImage_SDWebImage.build/empty-SDWebImage_SDWebImage.plist -producttype com.apple.product-type.bundle -expandbuildsettings -format binary -platform iphoneos -requiredArchitecture arm64 -o /Users/ervenstnoel/Documents/Nanobeasts\ Native/build/Device/Build/Products/Debug-iphoneos/SDWebImage_SDWebImage.bundle/Info.plist

ProcessInfoPlistFile /Users/ervenstnoel/Documents/Nanobeasts\ Native/build/Device/Build/Products/Debug-iphoneos/RevenueCat_RevenueCat.bundle/Info.plist /Users/ervenstnoel/Documents/Nanobeasts\ Native/build/Device/Build/Intermediates.noindex/RevenueCat.build/Debug-iphoneos/RevenueCat_RevenueCat.build/empty-RevenueCat_RevenueCat.plist (in target 'RevenueCat_RevenueCat' from project 'RevenueCat')
    cd /Users/ervenstnoel/Documents/Nanobeasts\ Native/build/Device/SourcePackages/checkouts/purchases-ios-spm
    builtin-infoPlistUtility /Users/ervenstnoel/Documents/Nanobeasts\ Native/build/Device/Build/Intermediates.noindex/RevenueCat.build/Debug-iphoneos/RevenueCat_RevenueCat.build/empty-RevenueCat_RevenueCat.plist -producttype com.apple.product-type.bundle -expandbuildsettings -format binary -platform iphoneos -requiredArchitecture arm64 -o /Users/ervenstnoel/Documents/Nanobeasts\ Native/build/Device/Build/Products/Debug-iphoneos/RevenueCat_RevenueCat.bundle/Info.plist

CompileAssetCatalogVariant thinned /Users/ervenstnoel/Documents/Nanobeasts\ Native/build/Device/Build/Products/Debug-watchos/NanobeastsWatch.app /Users/ervenstnoel/Documents/Nanobeasts\ Native/NanobeastsWatch/Assets.xcassets (in target 'NanobeastsWatch' from project 'Nanobeasts')
    cd /Users/ervenstnoel/Documents/Nanobeasts\ Native
    /Applications/Xcode.app/Contents/Developer/usr/bin/actool /Users/ervenstnoel/Documents/Nanobeasts\ Native/NanobeastsWatch/Assets.xcassets --compile /Users/ervenstnoel/Documents/Nanobeasts\ Native/build/Device/Build/Intermediates.noindex/Nanobeasts.build/Debug-watchos/NanobeastsWatch.build/assetcatalog_output/thinned --output-format human-readable-text --notices --warnings --export-dependency-info /Users/ervenstnoel/Documents/Nanobeasts\ Native/build/Device/Build/Intermediates.noindex/Nanobeasts.build/Debug-watchos/NanobeastsWatch.build/assetcatalog_dependencies_thinned --output-partial-info-plist /Users/ervenstnoel/Documents/Nanobeasts\ Native/build/Device/Build/Intermediates.noindex/Nanobeasts.build/Debug-watchos/NanobeastsWatch.build/assetcatalog_generated_info.plist_thinned --app-icon AppIcon --compress-pngs --enable-on-demand-resources YES --filter-for-thinning-device-configuration iPhone13,2 --filter-for-device-os-version 26.6 --development-region en --target-device watch --minimum-deployment-target 10.0 --platform watchos
/* com.apple.actool.compilation-results */
/Users/ervenstnoel/Documents/Nanobeasts Native/build/Device/Build/Intermediates.noindex/Nanobeasts.build/Debug-watchos/NanobeastsWatch.build/assetcatalog_generated_info.plist_thinned
/Users/ervenstnoel/Documents/Nanobeasts Native/build/Device/Build/Intermediates.noindex/Nanobeasts.build/Debug-watchos/NanobeastsWatch.build/assetcatalog_output/thinned/Assets.car


CompileAssetCatalogVariant thinned /Users/ervenstnoel/Documents/Nanobeasts\ Native/build/Device/Build/Products/Debug-iphoneos/Nanobeasts.app /Users/ervenstnoel/Documents/Nanobeasts\ Native/Nanobeasts/Resources/Assets.xcassets (in target 'Nanobeasts' from project 'Nanobeasts')
    cd /Users/ervenstnoel/Documents/Nanobeasts\ Native
    /Applications/Xcode.app/Contents/Developer/usr/bin/actool /Users/ervenstnoel/Documents/Nanobeasts\ Native/Nanobeasts/Resources/Assets.xcassets --compile /Users/ervenstnoel/Documents/Nanobeasts\ Native/build/Device/Build/Intermediates.noindex/Nanobeasts.build/Debug-iphoneos/Nanobeasts.build/assetcatalog_output/thinned --output-format human-readable-text --notices --warnings --export-dependency-info /Users/ervenstnoel/Documents/Nanobeasts\ Native/build/Device/Build/Intermediates.noindex/Nanobeasts.build/Debug-iphoneos/Nanobeasts.build/assetcatalog_dependencies_thinned --output-partial-info-plist /Users/ervenstnoel/Documents/Nanobeasts\ Native/build/Device/Build/Intermediates.noindex/Nanobeasts.build/Debug-iphoneos/Nanobeasts.build/assetcatalog_generated_info.plist_thinned --app-icon AppIcon --accent-color AccentColor --compress-pngs --enable-on-demand-resources YES --filter-for-thinning-device-configuration iPhone13,2 --filter-for-device-os-version 26.6 --development-region en --target-device iphone --minimum-deployment-target 17.0 --platform iphoneos
/* com.apple.actool.compilation-results */
/Users/ervenstnoel/Documents/Nanobeasts Native/build/Device/Build/Intermediates.noindex/Nanobeasts.build/Debug-iphoneos/Nanobeasts.build/assetcatalog_generated_info.plist_thinned
/Users/ervenstnoel/Documents/Nanobeasts Native/build/Device/Build/Intermediates.noindex/Nanobeasts.build/Debug-iphoneos/Nanobeasts.build/assetcatalog_output/thinned/AppIcon60x60@2x.png
/Users/ervenstnoel/Documents/Nanobeasts Native/build/Device/Build/Intermediates.noindex/Nanobeasts.build/Debug-iphoneos/Nanobeasts.build/assetcatalog_output/thinned/AppIcon76x76@2x~ipad.png
/Users/ervenstnoel/Documents/Nanobeasts Native/build/Device/Build/Intermediates.noindex/Nanobeasts.build/Debug-iphoneos/Nanobeasts.build/assetcatalog_output/thinned/Assets.car


SwiftDriver Nanobeasts normal arm64 com.apple.xcode.tools.swift.compiler (in target 'Nanobeasts' from project 'Nanobeasts')
    cd /Users/ervenstnoel/Documents/Nanobeasts\ Native
    builtin-SwiftDriver -- /Applications/Xcode.app/Contents/Developer/Toolchains/XcodeDefault.xctoolchain/usr/bin/swiftc -module-name Nanobeasts -Onone @/Users/ervenstnoel/Documents/Nanobeasts\ Native/build/Device/Build/Intermediates.noindex/Nanobeasts.build/Debug-iphoneos/Nanobeasts.build/Objects-normal/arm64/Nanobeasts.SwiftFileList -DDEBUG -Xcc -fmodule-map-file\=/Users/ervenstnoel/Documents/Nanobeasts\ Native/build/Device/Build/Intermediates.noindex/GeneratedModuleMaps-iphoneos/SDWebImage.modulemap -Xcc -fmodule-map-file\=/Users/ervenstnoel/Documents/Nanobeasts\ Native/build/Device/Build/Intermediates.noindex/GeneratedModuleMaps-iphoneos/libwebp.modulemap -Xcc -fmodule-map-file\=/Users/ervenstnoel/Documents/Nanobeasts\ Native/build/Device/Build/Intermediates.noindex/GeneratedModuleMaps-iphoneos/SDWebImageWebPCoder.modulemap -enable-bare-slash-regex -enable-experimental-feature DebugDescriptionMacro -sdk /Applications/Xcode.app/Contents/Developer/Platforms/iPhoneOS.platform/Developer/SDKs/iPhoneOS26.5.sdk -target arm64-apple-ios17.0 -g -module-cache-path /Users/ervenstnoel/Documents/Nanobeasts\ Native/build/Device/ModuleCache.noindex -Xfrontend -serialize-debugging-options -enable-testing -index-store-path /Users/ervenstnoel/Documents/Nanobeasts\ Native/build/Device/Index.noindex/DataStore -Xcc -D_LIBCPP_HARDENING_MODE\=_LIBCPP_HARDENING_MODE_DEBUG -swift-version 5 -I /Users/ervenstnoel/Documents/Nanobeasts\ Native/build/Device/Build/Products/Debug-iphoneos -F /Users/ervenstnoel/Documents/Nanobeasts\ Native/build/Device/Build/Products/Debug-iphoneos/PackageFrameworks -F /Users/ervenstnoel/Documents/Nanobeasts\ Native/build/Device/Build/Products/Debug-iphoneos/PackageFrameworks -F /Users/ervenstnoel/Documents/Nanobeasts\ Native/build/Device/Build/Products/Debug-iphoneos/PackageFrameworks -F /Users/ervenstnoel/Documents/Nanobeasts\ Native/build/Device/Build/Products/Debug-iphoneos/PackageFrameworks -F /Users/ervenstnoel/Documents/Nanobeasts\ Native/build/Device/Build/Products/Debug-iphoneos -c -j16 -enable-batch-mode -incremental -Xcc -ivfsstatcache -Xcc /Users/ervenstnoel/Documents/Nanobeasts\ Native/build/Device/SDKStatCaches.noindex/iphoneos26.5-23F73-32daed1954a7d5dd0789fcaf2a9bb78b.sdkstatcache -output-file-map /Users/ervenstnoel/Documents/Nanobeasts\ Native/build/Device/Build/Intermediates.noindex/Nanobeasts.build/Debug-iphoneos/Nanobeasts.build/Objects-normal/arm64/Nanobeasts-OutputFileMap.json -use-frontend-parseable-output -save-temps -no-color-diagnostics -explicit-module-build -module-cache-path /Users/ervenstnoel/Documents/Nanobeasts\ Native/build/Device/Build/Intermediates.noindex/SwiftExplicitPrecompiledModules -clang-scanner-module-cache-path /Users/ervenstnoel/Documents/Nanobeasts\ Native/build/Device/ModuleCache.noindex -sdk-module-cache-path /Users/ervenstnoel/Documents/Nanobeasts\ Native/build/Device/ModuleCache.noindex -serialize-diagnostics -emit-dependencies -emit-module -emit-module-path /Users/ervenstnoel/Documents/Nanobeasts\ Native/build/Device/Build/Intermediates.noindex/Nanobeasts.build/Debug-iphoneos/Nanobeasts.build/Objects-normal/arm64/Nanobeasts.swiftmodule -validate-clang-modules-once -clang-build-session-file /Users/ervenstnoel/Documents/Nanobeasts\ Native/build/Device/ModuleCache.noindex/Session.modulevalidation -Xcc -I/Users/ervenstnoel/Documents/Nanobeasts\ Native/build/Device/Build/Intermediates.noindex/Nanobeasts.build/Debug-iphoneos/Nanobeasts.build/swift-overrides.hmap -emit-const-values -Xfrontend -const-gather-protocols-file -Xfrontend /Users/ervenstnoel/Documents/Nanobeasts\ Native/build/Device/Build/Intermediates.noindex/Nanobeasts.build/Debug-iphoneos/Nanobeasts.build/Objects-normal/arm64/Nanobeasts_const_extract_protocols.json -Xcc -iquote -Xcc /Users/ervenstnoel/Documents/Nanobeasts\ Native/build/Device/Build/Intermediates.noindex/Nanobeasts.build/Debug-iphoneos/Nanobeasts.build/Nanobeasts-generated-files.hmap -Xcc -I/Users/ervenstnoel/Documents/Nanobeasts\ Native/build/Device/Build/Intermediates.noindex/Nanobeasts.build/Debug-iphoneos/Nanobeasts.build/Nanobeasts-own-target-headers.hmap -Xcc -I/Users/ervenstnoel/Documents/Nanobeasts\ Native/build/Device/Build/Intermediates.noindex/Nanobeasts.build/Debug-iphoneos/Nanobeasts.build/Nanobeasts-all-non-framework-target-headers.hmap -Xcc -ivfsoverlay -Xcc /Users/ervenstnoel/Documents/Nanobeasts\ Native/build/Device/Build/Intermediates.noindex/Nanobeasts.build/Debug-iphoneos/Nanobeasts-81c7fcd167ae829ce5fbaa0d1871e39f-VFS-iphoneos/all-product-headers.yaml -Xcc -iquote -Xcc /Users/ervenstnoel/Documents/Nanobeasts\ Native/build/Device/Build/Intermediates.noindex/Nanobeasts.build/Debug-iphoneos/Nanobeasts.build/Nanobeasts-project-headers.hmap -Xcc -I/Users/ervenstnoel/Documents/Nanobeasts\ Native/build/Device/SourcePackages/checkouts/SDWebImage/SDWebImage/include -Xcc -I/Users/ervenstnoel/Documents/Nanobeasts\ Native/build/Device/SourcePackages/checkouts/libwebp-Xcode/include -Xcc -I/Users/ervenstnoel/Documents/Nanobeasts\ Native/build/Device/SourcePackages/checkouts/SDWebImageWebPCoder/SDWebImageWebPCoder/Classes -Xcc -I/Users/ervenstnoel/Documents/Nanobeasts\ Native/build/Device/Build/Products/Debug-iphoneos/include -Xcc -I/Users/ervenstnoel/Documents/Nanobeasts\ Native/build/Device/Build/Intermediates.noindex/Nanobeasts.build/Debug-iphoneos/Nanobeasts.build/DerivedSources-normal/arm64 -Xcc -I/Users/ervenstnoel/Documents/Nanobeasts\ Native/build/Device/Build/Intermediates.noindex/Nanobeasts.build/Debug-iphoneos/Nanobeasts.build/DerivedSources/arm64 -Xcc -I/Users/ervenstnoel/Documents/Nanobeasts\ Native/build/Device/Build/Intermediates.noindex/Nanobeasts.build/Debug-iphoneos/Nanobeasts.build/DerivedSources -Xcc -DDEBUG\=1 -emit-objc-header -emit-objc-header-path /Users/ervenstnoel/Documents/Nanobeasts\ Native/build/Device/Build/Intermediates.noindex/Nanobeasts.build/Debug-iphoneos/Nanobeasts.build/Objects-normal/arm64/Nanobeasts-Swift.h -working-directory /Users/ervenstnoel/Documents/Nanobeasts\ Native -experimental-emit-module-separately -disable-cmo

SwiftEmitModule normal arm64 Emitting\ module\ for\ Nanobeasts (in target 'Nanobeasts' from project 'Nanobeasts')

EmitSwiftModule normal arm64 (in target 'Nanobeasts' from project 'Nanobeasts')
    cd /Users/ervenstnoel/Documents/Nanobeasts\ Native
    

SwiftCompile normal arm64 Compiling\ RevenueCatPaywallScreen.swift /Users/ervenstnoel/Documents/Nanobeasts\ Native/Nanobeasts/Features/Paywall/RevenueCatPaywallScreen.swift (in target 'Nanobeasts' from project 'Nanobeasts')

SwiftCompile normal arm64 /Users/ervenstnoel/Documents/Nanobeasts\ Native/Nanobeasts/Features/Paywall/RevenueCatPaywallScreen.swift (in target 'Nanobeasts' from project 'Nanobeasts')
    cd /Users/ervenstnoel/Documents/Nanobeasts\ Native
    

SwiftDriverJobDiscovery normal arm64 Compiling RevenueCatPaywallScreen.swift (in target 'Nanobeasts' from project 'Nanobeasts')

SwiftCompile normal arm64 Compiling\ LabView.swift /Users/ervenstnoel/Documents/Nanobeasts\ Native/Nanobeasts/Features/Lab/LabView.swift (in target 'Nanobeasts' from project 'Nanobeasts')

SwiftCompile normal arm64 /Users/ervenstnoel/Documents/Nanobeasts\ Native/Nanobeasts/Features/Lab/LabView.swift (in target 'Nanobeasts' from project 'Nanobeasts')
    cd /Users/ervenstnoel/Documents/Nanobeasts\ Native
    

SwiftCompile normal arm64 Compiling\ SettingsView.swift /Users/ervenstnoel/Documents/Nanobeasts\ Native/Nanobeasts/Features/Settings/SettingsView.swift (in target 'Nanobeasts' from project 'Nanobeasts')
SwiftCompile normal arm64 /Users/ervenstnoel/Documents/Nanobeasts\ Native/Nanobeasts/Features/Settings/SettingsView.swift (in target 'Nanobeasts' from project 'Nanobeasts')
    cd /Users/ervenstnoel/Documents/Nanobeasts\ Native
    

SwiftCompile normal arm64 Compiling\ AppRootView.swift /Users/ervenstnoel/Documents/Nanobeasts\ Native/Nanobeasts/App/AppRootView.swift (in target 'Nanobeasts' from project 'Nanobeasts')

SwiftCompile normal arm64 /Users/ervenstnoel/Documents/Nanobeasts\ Native/Nanobeasts/App/AppRootView.swift (in target 'Nanobeasts' from project 'Nanobeasts')
    cd /Users/ervenstnoel/Documents/Nanobeasts\ Native
    

SwiftDriverJobDiscovery normal arm64 Emitting module for Nanobeasts (in target 'Nanobeasts' from project 'Nanobeasts')

SwiftDriver\ Compilation\ Requirements Nanobeasts normal arm64 com.apple.xcode.tools.swift.compiler (in target 'Nanobeasts' from project 'Nanobeasts')
    cd /Users/ervenstnoel/Documents/Nanobeasts\ Native
    builtin-Swift-Compilation-Requirements -- /Applications/Xcode.app/Contents/Developer/Toolchains/XcodeDefault.xctoolchain/usr/bin/swiftc -module-name Nanobeasts -Onone @/Users/ervenstnoel/Documents/Nanobeasts\ Native/build/Device/Build/Intermediates.noindex/Nanobeasts.build/Debug-iphoneos/Nanobeasts.build/Objects-normal/arm64/Nanobeasts.SwiftFileList -DDEBUG -Xcc -fmodule-map-file\=/Users/ervenstnoel/Documents/Nanobeasts\ Native/build/Device/Build/Intermediates.noindex/GeneratedModuleMaps-iphoneos/SDWebImage.modulemap -Xcc -fmodule-map-file\=/Users/ervenstnoel/Documents/Nanobeasts\ Native/build/Device/Build/Intermediates.noindex/GeneratedModuleMaps-iphoneos/libwebp.modulemap -Xcc -fmodule-map-file\=/Users/ervenstnoel/Documents/Nanobeasts\ Native/build/Device/Build/Intermediates.noindex/GeneratedModuleMaps-iphoneos/SDWebImageWebPCoder.modulemap -enable-bare-slash-regex -enable-experimental-feature DebugDescriptionMacro -sdk /Applications/Xcode.app/Contents/Developer/Platforms/iPhoneOS.platform/Developer/SDKs/iPhoneOS26.5.sdk -target arm64-apple-ios17.0 -g -module-cache-path /Users/ervenstnoel/Documents/Nanobeasts\ Native/build/Device/ModuleCache.noindex -Xfrontend -serialize-debugging-options -enable-testing -index-store-path /Users/ervenstnoel/Documents/Nanobeasts\ Native/build/Device/Index.noindex/DataStore -Xcc -D_LIBCPP_HARDENING_MODE\=_LIBCPP_HARDENING_MODE_DEBUG -swift-version 5 -I /Users/ervenstnoel/Documents/Nanobeasts\ Native/build/Device/Build/Products/Debug-iphoneos -F /Users/ervenstnoel/Documents/Nanobeasts\ Native/build/Device/Build/Products/Debug-iphoneos/PackageFrameworks -F /Users/ervenstnoel/Documents/Nanobeasts\ Native/build/Device/Build/Products/Debug-iphoneos/PackageFrameworks -F /Users/ervenstnoel/Documents/Nanobeasts\ Native/build/Device/Build/Products/Debug-iphoneos/PackageFrameworks -F /Users/ervenstnoel/Documents/Nanobeasts\ Native/build/Device/Build/Products/Debug-iphoneos/PackageFrameworks -F /Users/ervenstnoel/Documents/Nanobeasts\ Native/build/Device/Build/Products/Debug-iphoneos -c -j16 -enable-batch-mode -incremental -Xcc -ivfsstatcache -Xcc /Users/ervenstnoel/Documents/Nanobeasts\ Native/build/Device/SDKStatCaches.noindex/iphoneos26.5-23F73-32daed1954a7d5dd0789fcaf2a9bb78b.sdkstatcache -output-file-map /Users/ervenstnoel/Documents/Nanobeasts\ Native/build/Device/Build/Intermediates.noindex/Nanobeasts.build/Debug-iphoneos/Nanobeasts.build/Objects-normal/arm64/Nanobeasts-OutputFileMap.json -use-frontend-parseable-output -save-temps -no-color-diagnostics -explicit-module-build -module-cache-path /Users/ervenstnoel/Documents/Nanobeasts\ Native/build/Device/Build/Intermediates.noindex/SwiftExplicitPrecompiledModules -clang-scanner-module-cache-path /Users/ervenstnoel/Documents/Nanobeasts\ Native/build/Device/ModuleCache.noindex -sdk-module-cache-path /Users/ervenstnoel/Documents/Nanobeasts\ Native/build/Device/ModuleCache.noindex -serialize-diagnostics -emit-dependencies -emit-module -emit-module-path /Users/ervenstnoel/Documents/Nanobeasts\ Native/build/Device/Build/Intermediates.noindex/Nanobeasts.build/Debug-iphoneos/Nanobeasts.build/Objects-normal/arm64/Nanobeasts.swiftmodule -validate-clang-modules-once -clang-build-session-file /Users/ervenstnoel/Documents/Nanobeasts\ Native/build/Device/ModuleCache.noindex/Session.modulevalidation -Xcc -I/Users/ervenstnoel/Documents/Nanobeasts\ Native/build/Device/Build/Intermediates.noindex/Nanobeasts.build/Debug-iphoneos/Nanobeasts.build/swift-overrides.hmap -emit-const-values -Xfrontend -const-gather-protocols-file -Xfrontend /Users/ervenstnoel/Documents/Nanobeasts\ Native/build/Device/Build/Intermediates.noindex/Nanobeasts.build/Debug-iphoneos/Nanobeasts.build/Objects-normal/arm64/Nanobeasts_const_extract_protocols.json -Xcc -iquote -Xcc /Users/ervenstnoel/Documents/Nanobeasts\ Native/build/Device/Build/Intermediates.noindex/Nanobeasts.build/Debug-iphoneos/Nanobeasts.build/Nanobeasts-generated-files.hmap -Xcc -I/Users/ervenstnoel/Documents/Nanobeasts\ Native/build/Device/Build/Intermediates.noindex/Nanobeasts.build/Debug-iphoneos/Nanobeasts.build/Nanobeasts-own-target-headers.hmap -Xcc -I/Users/ervenstnoel/Documents/Nanobeasts\ Native/build/Device/Build/Intermediates.noindex/Nanobeasts.build/Debug-iphoneos/Nanobeasts.build/Nanobeasts-all-non-framework-target-headers.hmap -Xcc -ivfsoverlay -Xcc /Users/ervenstnoel/Documents/Nanobeasts\ Native/build/Device/Build/Intermediates.noindex/Nanobeasts.build/Debug-iphoneos/Nanobeasts-81c7fcd167ae829ce5fbaa0d1871e39f-VFS-iphoneos/all-product-headers.yaml -Xcc -iquote -Xcc /Users/ervenstnoel/Documents/Nanobeasts\ Native/build/Device/Build/Intermediates.noindex/Nanobeasts.build/Debug-iphoneos/Nanobeasts.build/Nanobeasts-project-headers.hmap -Xcc -I/Users/ervenstnoel/Documents/Nanobeasts\ Native/build/Device/SourcePackages/checkouts/SDWebImage/SDWebImage/include -Xcc -I/Users/ervenstnoel/Documents/Nanobeasts\ Native/build/Device/SourcePackages/checkouts/libwebp-Xcode/include -Xcc -I/Users/ervenstnoel/Documents/Nanobeasts\ Native/build/Device/SourcePackages/checkouts/SDWebImageWebPCoder/SDWebImageWebPCoder/Classes -Xcc -I/Users/ervenstnoel/Documents/Nanobeasts\ Native/build/Device/Build/Products/Debug-iphoneos/include -Xcc -I/Users/ervenstnoel/Documents/Nanobeasts\ Native/build/Device/Build/Intermediates.noindex/Nanobeasts.build/Debug-iphoneos/Nanobeasts.build/DerivedSources-normal/arm64 -Xcc -I/Users/ervenstnoel/Documents/Nanobeasts\ Native/build/Device/Build/Intermediates.noindex/Nanobeasts.build/Debug-iphoneos/Nanobeasts.build/DerivedSources/arm64 -Xcc -I/Users/ervenstnoel/Documents/Nanobeasts\ Native/build/Device/Build/Intermediates.noindex/Nanobeasts.build/Debug-iphoneos/Nanobeasts.build/DerivedSources -Xcc -DDEBUG\=1 -emit-objc-header -emit-objc-header-path /Users/ervenstnoel/Documents/Nanobeasts\ Native/build/Device/Build/Intermediates.noindex/Nanobeasts.build/Debug-iphoneos/Nanobeasts.build/Objects-normal/arm64/Nanobeasts-Swift.h -working-directory /Users/ervenstnoel/Documents/Nanobeasts\ Native -experimental-emit-module-separately -disable-cmo

Copy /Users/ervenstnoel/Documents/Nanobeasts\ Native/build/Device/Build/Products/Debug-iphoneos/Nanobeasts.swiftmodule/Project/arm64-apple-ios.swiftsourceinfo /Users/ervenstnoel/Documents/Nanobeasts\ Native/build/Device/Build/Intermediates.noindex/Nanobeasts.build/Debug-iphoneos/Nanobeasts.build/Objects-normal/arm64/Nanobeasts.swiftsourceinfo (in target 'Nanobeasts' from project 'Nanobeasts')
    cd /Users/ervenstnoel/Documents/Nanobeasts\ Native
    builtin-copy -exclude .DS_Store -exclude CVS -exclude .svn -exclude .git -exclude .hg -resolve-src-symlinks -rename /Users/ervenstnoel/Documents/Nanobeasts\ Native/build/Device/Build/Intermediates.noindex/Nanobeasts.build/Debug-iphoneos/Nanobeasts.build/Objects-normal/arm64/Nanobeasts.swiftsourceinfo /Users/ervenstnoel/Documents/Nanobeasts\ Native/build/Device/Build/Products/Debug-iphoneos/Nanobeasts.swiftmodule/Project/arm64-apple-ios.swiftsourceinfo

Copy /Users/ervenstnoel/Documents/Nanobeasts\ Native/build/Device/Build/Products/Debug-iphoneos/Nanobeasts.swiftmodule/arm64-apple-ios.swiftmodule /Users/ervenstnoel/Documents/Nanobeasts\ Native/build/Device/Build/Intermediates.noindex/Nanobeasts.build/Debug-iphoneos/Nanobeasts.build/Objects-normal/arm64/Nanobeasts.swiftmodule (in target 'Nanobeasts' from project 'Nanobeasts')
    cd /Users/ervenstnoel/Documents/Nanobeasts\ Native
    builtin-copy -exclude .DS_Store -exclude CVS -exclude .svn -exclude .git -exclude .hg -resolve-src-symlinks -rename /Users/ervenstnoel/Documents/Nanobeasts\ Native/build/Device/Build/Intermediates.noindex/Nanobeasts.build/Debug-iphoneos/Nanobeasts.build/Objects-normal/arm64/Nanobeasts.swiftmodule /Users/ervenstnoel/Documents/Nanobeasts\ Native/build/Device/Build/Products/Debug-iphoneos/Nanobeasts.swiftmodule/arm64-apple-ios.swiftmodule

Copy /Users/ervenstnoel/Documents/Nanobeasts\ Native/build/Device/Build/Products/Debug-iphoneos/Nanobeasts.swiftmodule/arm64-apple-ios.abi.json /Users/ervenstnoel/Documents/Nanobeasts\ Native/build/Device/Build/Intermediates.noindex/Nanobeasts.build/Debug-iphoneos/Nanobeasts.build/Objects-normal/arm64/Nanobeasts.abi.json (in target 'Nanobeasts' from project 'Nanobeasts')
    cd /Users/ervenstnoel/Documents/Nanobeasts\ Native
    builtin-copy -exclude .DS_Store -exclude CVS -exclude .svn -exclude .git -exclude .hg -resolve-src-symlinks -rename /Users/ervenstnoel/Documents/Nanobeasts\ Native/build/Device/Build/Intermediates.noindex/Nanobeasts.build/Debug-iphoneos/Nanobeasts.build/Objects-normal/arm64/Nanobeasts.abi.json /Users/ervenstnoel/Documents/Nanobeasts\ Native/build/Device/Build/Products/Debug-iphoneos/Nanobeasts.swiftmodule/arm64-apple-ios.abi.json

LinkAssetCatalog /Users/ervenstnoel/Documents/Nanobeasts\ Native/NanobeastsWatch/Assets.xcassets (in target 'NanobeastsWatch' from project 'Nanobeasts')
    cd /Users/ervenstnoel/Documents/Nanobeasts\ Native
    builtin-linkAssetCatalog --thinned /Users/ervenstnoel/Documents/Nanobeasts\ Native/build/Device/Build/Intermediates.noindex/Nanobeasts.build/Debug-watchos/NanobeastsWatch.build/assetcatalog_output/thinned --thinned-dependencies /Users/ervenstnoel/Documents/Nanobeasts\ Native/build/Device/Build/Intermediates.noindex/Nanobeasts.build/Debug-watchos/NanobeastsWatch.build/assetcatalog_dependencies_thinned --thinned-info-plist-content /Users/ervenstnoel/Documents/Nanobeasts\ Native/build/Device/Build/Intermediates.noindex/Nanobeasts.build/Debug-watchos/NanobeastsWatch.build/assetcatalog_generated_info.plist_thinned --unthinned /Users/ervenstnoel/Documents/Nanobeasts\ Native/build/Device/Build/Intermediates.noindex/Nanobeasts.build/Debug-watchos/NanobeastsWatch.build/assetcatalog_output/unthinned --unthinned-dependencies /Users/ervenstnoel/Documents/Nanobeasts\ Native/build/Device/Build/Intermediates.noindex/Nanobeasts.build/Debug-watchos/NanobeastsWatch.build/assetcatalog_dependencies_unthinned --unthinned-info-plist-content /Users/ervenstnoel/Documents/Nanobeasts\ Native/build/Device/Build/Intermediates.noindex/Nanobeasts.build/Debug-watchos/NanobeastsWatch.build/assetcatalog_generated_info.plist_unthinned --output /Users/ervenstnoel/Documents/Nanobeasts\ Native/build/Device/Build/Products/Debug-watchos/NanobeastsWatch.app --plist-output /Users/ervenstnoel/Documents/Nanobeasts\ Native/build/Device/Build/Intermediates.noindex/Nanobeasts.build/Debug-watchos/NanobeastsWatch.build/assetcatalog_generated_info.plist
note: Emplaced /Users/ervenstnoel/Documents/Nanobeasts Native/build/Device/Build/Products/Debug-watchos/NanobeastsWatch.app/Assets.car (in target 'NanobeastsWatch' from project 'Nanobeasts')

ProcessInfoPlistFile /Users/ervenstnoel/Documents/Nanobeasts\ Native/build/Device/Build/Products/Debug-watchos/NanobeastsWatch.app/Info.plist /Users/ervenstnoel/Documents/Nanobeasts\ Native/NanobeastsWatch/Info.plist (in target 'NanobeastsWatch' from project 'Nanobeasts')
    cd /Users/ervenstnoel/Documents/Nanobeasts\ Native
    builtin-infoPlistUtility /Users/ervenstnoel/Documents/Nanobeasts\ Native/NanobeastsWatch/Info.plist -producttype com.apple.product-type.application -genpkginfo /Users/ervenstnoel/Documents/Nanobeasts\ Native/build/Device/Build/Products/Debug-watchos/NanobeastsWatch.app/PkgInfo -expandbuildsettings -format binary -platform watchos -additionalcontentfile /Users/ervenstnoel/Documents/Nanobeasts\ Native/build/Device/Build/Intermediates.noindex/Nanobeasts.build/Debug-watchos/NanobeastsWatch.build/assetcatalog_generated_info.plist -o /Users/ervenstnoel/Documents/Nanobeasts\ Native/build/Device/Build/Products/Debug-watchos/NanobeastsWatch.app/Info.plist

CopySwiftLibs /Users/ervenstnoel/Documents/Nanobeasts\ Native/build/Device/Build/Products/Debug-watchos/NanobeastsWatch.app (in target 'NanobeastsWatch' from project 'Nanobeasts')
    cd /Users/ervenstnoel/Documents/Nanobeasts\ Native
    builtin-swiftStdLibTool --copy --verbose --sign F2A91A5A78E301C3D49539D0F6EFFDBA88F2249E --scan-executable /Users/ervenstnoel/Documents/Nanobeasts\ Native/build/Device/Build/Products/Debug-watchos/NanobeastsWatch.app/NanobeastsWatch.debug.dylib --scan-folder /Users/ervenstnoel/Documents/Nanobeasts\ Native/build/Device/Build/Products/Debug-watchos/NanobeastsWatch.app/Frameworks --scan-folder /Users/ervenstnoel/Documents/Nanobeasts\ Native/build/Device/Build/Products/Debug-watchos/NanobeastsWatch.app/PlugIns --scan-folder /Users/ervenstnoel/Documents/Nanobeasts\ Native/build/Device/Build/Products/Debug-watchos/NanobeastsWatch.app/SystemExtensions --scan-folder /Users/ervenstnoel/Documents/Nanobeasts\ Native/build/Device/Build/Products/Debug-watchos/NanobeastsWatch.app/Extensions --platform watchos --toolchain /Applications/Xcode.app/Contents/Developer/Toolchains/XcodeDefault.xctoolchain --destination /Users/ervenstnoel/Documents/Nanobeasts\ Native/build/Device/Build/Products/Debug-watchos/NanobeastsWatch.app/Frameworks --strip-bitcode --strip-bitcode-tool /Applications/Xcode.app/Contents/Developer/Toolchains/XcodeDefault.xctoolchain/usr/bin/bitcode_strip --emit-dependency-info /Users/ervenstnoel/Documents/Nanobeasts\ Native/build/Device/Build/Intermediates.noindex/Nanobeasts.build/Debug-watchos/NanobeastsWatch.build/SwiftStdLibToolInputDependencies.dep --filter-for-swift-os --back-deploy-swift-span

CodeSign /Users/ervenstnoel/Documents/Nanobeasts\ Native/build/Device/Build/Products/Debug-watchos/NanobeastsWatch.app/NanobeastsWatch.debug.dylib (in target 'NanobeastsWatch' from project 'Nanobeasts')
    cd /Users/ervenstnoel/Documents/Nanobeasts\ Native
    
    Signing Identity:     "Apple Development: Ervenst Noel (TS5WNTMNXC)"
    Provisioning Profile: "iOS Team Provisioning Profile: com.twosyntaxerrors.nanobeasts.native.watchkitapp"
                          (dadabbd5-8894-4f3a-92ba-36c2174ab826)
    
    /usr/bin/codesign --force --sign F2A91A5A78E301C3D49539D0F6EFFDBA88F2249E --timestamp\=none --generate-entitlement-der /Users/ervenstnoel/Documents/Nanobeasts\ Native/build/Device/Build/Products/Debug-watchos/NanobeastsWatch.app/NanobeastsWatch.debug.dylib
/Users/ervenstnoel/Documents/Nanobeasts Native/build/Device/Build/Products/Debug-watchos/NanobeastsWatch.app/NanobeastsWatch.debug.dylib: replacing existing signature

CodeSign /Users/ervenstnoel/Documents/Nanobeasts\ Native/build/Device/Build/Products/Debug-watchos/NanobeastsWatch.app/__preview.dylib (in target 'NanobeastsWatch' from project 'Nanobeasts')
    cd /Users/ervenstnoel/Documents/Nanobeasts\ Native
    
    Signing Identity:     "Apple Development: Ervenst Noel (TS5WNTMNXC)"
    Provisioning Profile: "iOS Team Provisioning Profile: com.twosyntaxerrors.nanobeasts.native.watchkitapp"
                          (dadabbd5-8894-4f3a-92ba-36c2174ab826)
    
    /usr/bin/codesign --force --sign F2A91A5A78E301C3D49539D0F6EFFDBA88F2249E --timestamp\=none --generate-entitlement-der /Users/ervenstnoel/Documents/Nanobeasts\ Native/build/Device/Build/Products/Debug-watchos/NanobeastsWatch.app/__preview.dylib
/Users/ervenstnoel/Documents/Nanobeasts Native/build/Device/Build/Products/Debug-watchos/NanobeastsWatch.app/__preview.dylib: replacing existing signature

CodeSign /Users/ervenstnoel/Documents/Nanobeasts\ Native/build/Device/Build/Products/Debug-watchos/NanobeastsWatch.app (in target 'NanobeastsWatch' from project 'Nanobeasts')
    cd /Users/ervenstnoel/Documents/Nanobeasts\ Native
    
    Signing Identity:     "Apple Development: Ervenst Noel (TS5WNTMNXC)"
    Provisioning Profile: "iOS Team Provisioning Profile: com.twosyntaxerrors.nanobeasts.native.watchkitapp"
                          (dadabbd5-8894-4f3a-92ba-36c2174ab826)
    
    /usr/bin/codesign --force --sign F2A91A5A78E301C3D49539D0F6EFFDBA88F2249E --entitlements /Users/ervenstnoel/Documents/Nanobeasts\ Native/build/Device/Build/Intermediates.noindex/Nanobeasts.build/Debug-watchos/NanobeastsWatch.build/NanobeastsWatch.app.xcent --timestamp\=none --generate-entitlement-der /Users/ervenstnoel/Documents/Nanobeasts\ Native/build/Device/Build/Products/Debug-watchos/NanobeastsWatch.app
/Users/ervenstnoel/Documents/Nanobeasts Native/build/Device/Build/Products/Debug-watchos/NanobeastsWatch.app: replacing existing signature

Validate /Users/ervenstnoel/Documents/Nanobeasts\ Native/build/Device/Build/Products/Debug-watchos/NanobeastsWatch.app (in target 'NanobeastsWatch' from project 'Nanobeasts')
    cd /Users/ervenstnoel/Documents/Nanobeasts\ Native
    builtin-validationUtility /Users/ervenstnoel/Documents/Nanobeasts\ Native/build/Device/Build/Products/Debug-watchos/NanobeastsWatch.app -shallow-bundle -infoplist-subpath Info.plist

SwiftDriverJobDiscovery normal arm64 Compiling LabView.swift (in target 'Nanobeasts' from project 'Nanobeasts')

LinkAssetCatalog /Users/ervenstnoel/Documents/Nanobeasts\ Native/Nanobeasts/Resources/Assets.xcassets (in target 'Nanobeasts' from project 'Nanobeasts')
    cd /Users/ervenstnoel/Documents/Nanobeasts\ Native
    builtin-linkAssetCatalog --thinned /Users/ervenstnoel/Documents/Nanobeasts\ Native/build/Device/Build/Intermediates.noindex/Nanobeasts.build/Debug-iphoneos/Nanobeasts.build/assetcatalog_output/thinned --thinned-dependencies /Users/ervenstnoel/Documents/Nanobeasts\ Native/build/Device/Build/Intermediates.noindex/Nanobeasts.build/Debug-iphoneos/Nanobeasts.build/assetcatalog_dependencies_thinned --thinned-info-plist-content /Users/ervenstnoel/Documents/Nanobeasts\ Native/build/Device/Build/Intermediates.noindex/Nanobeasts.build/Debug-iphoneos/Nanobeasts.build/assetcatalog_generated_info.plist_thinned --unthinned /Users/ervenstnoel/Documents/Nanobeasts\ Native/build/Device/Build/Intermediates.noindex/Nanobeasts.build/Debug-iphoneos/Nanobeasts.build/assetcatalog_output/unthinned --unthinned-dependencies /Users/ervenstnoel/Documents/Nanobeasts\ Native/build/Device/Build/Intermediates.noindex/Nanobeasts.build/Debug-iphoneos/Nanobeasts.build/assetcatalog_dependencies_unthinned --unthinned-info-plist-content /Users/ervenstnoel/Documents/Nanobeasts\ Native/build/Device/Build/Intermediates.noindex/Nanobeasts.build/Debug-iphoneos/Nanobeasts.build/assetcatalog_generated_info.plist_unthinned --output /Users/ervenstnoel/Documents/Nanobeasts\ Native/build/Device/Build/Products/Debug-iphoneos/Nanobeasts.app --plist-output /Users/ervenstnoel/Documents/Nanobeasts\ Native/build/Device/Build/Intermediates.noindex/Nanobeasts.build/Debug-iphoneos/Nanobeasts.build/assetcatalog_generated_info.plist
note: Emplaced /Users/ervenstnoel/Documents/Nanobeasts Native/build/Device/Build/Products/Debug-iphoneos/Nanobeasts.app/AppIcon60x60@2x.png (in target 'Nanobeasts' from project 'Nanobeasts')
note: Emplaced /Users/ervenstnoel/Documents/Nanobeasts Native/build/Device/Build/Products/Debug-iphoneos/Nanobeasts.app/Assets.car (in target 'Nanobeasts' from project 'Nanobeasts')
note: Emplaced /Users/ervenstnoel/Documents/Nanobeasts Native/build/Device/Build/Products/Debug-iphoneos/Nanobeasts.app/AppIcon76x76@2x~ipad.png (in target 'Nanobeasts' from project 'Nanobeasts')

SwiftDriverJobDiscovery normal arm64 Compiling AppRootView.swift (in target 'Nanobeasts' from project 'Nanobeasts')

SwiftDriverJobDiscovery normal arm64 Compiling SettingsView.swift (in target 'Nanobeasts' from project 'Nanobeasts')

SwiftDriver\ Compilation Nanobeasts normal arm64 com.apple.xcode.tools.swift.compiler (in target 'Nanobeasts' from project 'Nanobeasts')
    cd /Users/ervenstnoel/Documents/Nanobeasts\ Native
    builtin-Swift-Compilation -- /Applications/Xcode.app/Contents/Developer/Toolchains/XcodeDefault.xctoolchain/usr/bin/swiftc -module-name Nanobeasts -Onone @/Users/ervenstnoel/Documents/Nanobeasts\ Native/build/Device/Build/Intermediates.noindex/Nanobeasts.build/Debug-iphoneos/Nanobeasts.build/Objects-normal/arm64/Nanobeasts.SwiftFileList -DDEBUG -Xcc -fmodule-map-file\=/Users/ervenstnoel/Documents/Nanobeasts\ Native/build/Device/Build/Intermediates.noindex/GeneratedModuleMaps-iphoneos/SDWebImage.modulemap -Xcc -fmodule-map-file\=/Users/ervenstnoel/Documents/Nanobeasts\ Native/build/Device/Build/Intermediates.noindex/GeneratedModuleMaps-iphoneos/libwebp.modulemap -Xcc -fmodule-map-file\=/Users/ervenstnoel/Documents/Nanobeasts\ Native/build/Device/Build/Intermediates.noindex/GeneratedModuleMaps-iphoneos/SDWebImageWebPCoder.modulemap -enable-bare-slash-regex -enable-experimental-feature DebugDescriptionMacro -sdk /Applications/Xcode.app/Contents/Developer/Platforms/iPhoneOS.platform/Developer/SDKs/iPhoneOS26.5.sdk -target arm64-apple-ios17.0 -g -module-cache-path /Users/ervenstnoel/Documents/Nanobeasts\ Native/build/Device/ModuleCache.noindex -Xfrontend -serialize-debugging-options -enable-testing -index-store-path /Users/ervenstnoel/Documents/Nanobeasts\ Native/build/Device/Index.noindex/DataStore -Xcc -D_LIBCPP_HARDENING_MODE\=_LIBCPP_HARDENING_MODE_DEBUG -swift-version 5 -I /Users/ervenstnoel/Documents/Nanobeasts\ Native/build/Device/Build/Products/Debug-iphoneos -F /Users/ervenstnoel/Documents/Nanobeasts\ Native/build/Device/Build/Products/Debug-iphoneos/PackageFrameworks -F /Users/ervenstnoel/Documents/Nanobeasts\ Native/build/Device/Build/Products/Debug-iphoneos/PackageFrameworks -F /Users/ervenstnoel/Documents/Nanobeasts\ Native/build/Device/Build/Products/Debug-iphoneos/PackageFrameworks -F /Users/ervenstnoel/Documents/Nanobeasts\ Native/build/Device/Build/Products/Debug-iphoneos/PackageFrameworks -F /Users/ervenstnoel/Documents/Nanobeasts\ Native/build/Device/Build/Products/Debug-iphoneos -c -j16 -enable-batch-mode -incremental -Xcc -ivfsstatcache -Xcc /Users/ervenstnoel/Documents/Nanobeasts\ Native/build/Device/SDKStatCaches.noindex/iphoneos26.5-23F73-32daed1954a7d5dd0789fcaf2a9bb78b.sdkstatcache -output-file-map /Users/ervenstnoel/Documents/Nanobeasts\ Native/build/Device/Build/Intermediates.noindex/Nanobeasts.build/Debug-iphoneos/Nanobeasts.build/Objects-normal/arm64/Nanobeasts-OutputFileMap.json -use-frontend-parseable-output -save-temps -no-color-diagnostics -explicit-module-build -module-cache-path /Users/ervenstnoel/Documents/Nanobeasts\ Native/build/Device/Build/Intermediates.noindex/SwiftExplicitPrecompiledModules -clang-scanner-module-cache-path /Users/ervenstnoel/Documents/Nanobeasts\ Native/build/Device/ModuleCache.noindex -sdk-module-cache-path /Users/ervenstnoel/Documents/Nanobeasts\ Native/build/Device/ModuleCache.noindex -serialize-diagnostics -emit-dependencies -emit-module -emit-module-path /Users/ervenstnoel/Documents/Nanobeasts\ Native/build/Device/Build/Intermediates.noindex/Nanobeasts.build/Debug-iphoneos/Nanobeasts.build/Objects-normal/arm64/Nanobeasts.swiftmodule -validate-clang-modules-once -clang-build-session-file /Users/ervenstnoel/Documents/Nanobeasts\ Native/build/Device/ModuleCache.noindex/Session.modulevalidation -Xcc -I/Users/ervenstnoel/Documents/Nanobeasts\ Native/build/Device/Build/Intermediates.noindex/Nanobeasts.build/Debug-iphoneos/Nanobeasts.build/swift-overrides.hmap -emit-const-values -Xfrontend -const-gather-protocols-file -Xfrontend /Users/ervenstnoel/Documents/Nanobeasts\ Native/build/Device/Build/Intermediates.noindex/Nanobeasts.build/Debug-iphoneos/Nanobeasts.build/Objects-normal/arm64/Nanobeasts_const_extract_protocols.json -Xcc -iquote -Xcc /Users/ervenstnoel/Documents/Nanobeasts\ Native/build/Device/Build/Intermediates.noindex/Nanobeasts.build/Debug-iphoneos/Nanobeasts.build/Nanobeasts-generated-files.hmap -Xcc -I/Users/ervenstnoel/Documents/Nanobeasts\ Native/build/Device/Build/Intermediates.noindex/Nanobeasts.build/Debug-iphoneos/Nanobeasts.build/Nanobeasts-own-target-headers.hmap -Xcc -I/Users/ervenstnoel/Documents/Nanobeasts\ Native/build/Device/Build/Intermediates.noindex/Nanobeasts.build/Debug-iphoneos/Nanobeasts.build/Nanobeasts-all-non-framework-target-headers.hmap -Xcc -ivfsoverlay -Xcc /Users/ervenstnoel/Documents/Nanobeasts\ Native/build/Device/Build/Intermediates.noindex/Nanobeasts.build/Debug-iphoneos/Nanobeasts-81c7fcd167ae829ce5fbaa0d1871e39f-VFS-iphoneos/all-product-headers.yaml -Xcc -iquote -Xcc /Users/ervenstnoel/Documents/Nanobeasts\ Native/build/Device/Build/Intermediates.noindex/Nanobeasts.build/Debug-iphoneos/Nanobeasts.build/Nanobeasts-project-headers.hmap -Xcc -I/Users/ervenstnoel/Documents/Nanobeasts\ Native/build/Device/SourcePackages/checkouts/SDWebImage/SDWebImage/include -Xcc -I/Users/ervenstnoel/Documents/Nanobeasts\ Native/build/Device/SourcePackages/checkouts/libwebp-Xcode/include -Xcc -I/Users/ervenstnoel/Documents/Nanobeasts\ Native/build/Device/SourcePackages/checkouts/SDWebImageWebPCoder/SDWebImageWebPCoder/Classes -Xcc -I/Users/ervenstnoel/Documents/Nanobeasts\ Native/build/Device/Build/Products/Debug-iphoneos/include -Xcc -I/Users/ervenstnoel/Documents/Nanobeasts\ Native/build/Device/Build/Intermediates.noindex/Nanobeasts.build/Debug-iphoneos/Nanobeasts.build/DerivedSources-normal/arm64 -Xcc -I/Users/ervenstnoel/Documents/Nanobeasts\ Native/build/Device/Build/Intermediates.noindex/Nanobeasts.build/Debug-iphoneos/Nanobeasts.build/DerivedSources/arm64 -Xcc -I/Users/ervenstnoel/Documents/Nanobeasts\ Native/build/Device/Build/Intermediates.noindex/Nanobeasts.build/Debug-iphoneos/Nanobeasts.build/DerivedSources -Xcc -DDEBUG\=1 -emit-objc-header -emit-objc-header-path /Users/ervenstnoel/Documents/Nanobeasts\ Native/build/Device/Build/Intermediates.noindex/Nanobeasts.build/Debug-iphoneos/Nanobeasts.build/Objects-normal/arm64/Nanobeasts-Swift.h -working-directory /Users/ervenstnoel/Documents/Nanobeasts\ Native -experimental-emit-module-separately -disable-cmo

Ld /Users/ervenstnoel/Documents/Nanobeasts\ Native/build/Device/Build/Products/Debug-iphoneos/Nanobeasts.app/Nanobeasts.debug.dylib normal (in target 'Nanobeasts' from project 'Nanobeasts')
    cd /Users/ervenstnoel/Documents/Nanobeasts\ Native
    /Applications/Xcode.app/Contents/Developer/Toolchains/XcodeDefault.xctoolchain/usr/bin/clang -Xlinker -reproducible -target arm64-apple-ios17.0 -dynamiclib -isysroot /Applications/Xcode.app/Contents/Developer/Platforms/iPhoneOS.platform/Developer/SDKs/iPhoneOS26.5.sdk -O0 -L/Users/ervenstnoel/Documents/Nanobeasts\ Native/build/Device/Build/Intermediates.noindex/EagerLinkingTBDs/Debug-iphoneos -L/Users/ervenstnoel/Documents/Nanobeasts\ Native/build/Device/Build/Products/Debug-iphoneos -F/Users/ervenstnoel/Documents/Nanobeasts\ Native/build/Device/Build/Intermediates.noindex/EagerLinkingTBDs/Debug-iphoneos -F/Users/ervenstnoel/Documents/Nanobeasts\ Native/build/Device/Build/Products/Debug-iphoneos/PackageFrameworks -F/Users/ervenstnoel/Documents/Nanobeasts\ Native/build/Device/Build/Products/Debug-iphoneos/PackageFrameworks -F/Users/ervenstnoel/Documents/Nanobeasts\ Native/build/Device/Build/Products/Debug-iphoneos/PackageFrameworks -F/Users/ervenstnoel/Documents/Nanobeasts\ Native/build/Device/Build/Products/Debug-iphoneos/PackageFrameworks -F/Users/ervenstnoel/Documents/Nanobeasts\ Native/build/Device/Build/Products/Debug-iphoneos -filelist /Users/ervenstnoel/Documents/Nanobeasts\ Native/build/Device/Build/Intermediates.noindex/Nanobeasts.build/Debug-iphoneos/Nanobeasts.build/Objects-normal/arm64/Nanobeasts.LinkFileList -install_name @rpath/Nanobeasts.debug.dylib -Xlinker -rpath -Xlinker /usr/lib/swift -Xlinker -rpath -Xlinker /Users/ervenstnoel/Documents/Nanobeasts\ Native/build/Device/Build/Products/Debug-iphoneos/PackageFrameworks -Xlinker -rpath -Xlinker @executable_path/Frameworks -Xlinker -dead_strip -Xlinker -object_path_lto -Xlinker /Users/ervenstnoel/Documents/Nanobeasts\ Native/build/Device/Build/Intermediates.noindex/Nanobeasts.build/Debug-iphoneos/Nanobeasts.build/Objects-normal/arm64/Nanobeasts_lto.o -rdynamic -Xlinker -no_deduplicate -Xlinker -dependency_info -Xlinker /Users/ervenstnoel/Documents/Nanobeasts\ Native/build/Device/Build/Intermediates.noindex/Nanobeasts.build/Debug-iphoneos/Nanobeasts.build/Objects-normal/arm64/Nanobeasts_dependency_info.dat -fobjc-link-runtime -L/Applications/Xcode.app/Contents/Developer/Toolchains/XcodeDefault.xctoolchain/usr/lib/swift/iphoneos -L/usr/lib/swift -Xlinker -add_ast_path -Xlinker /Users/ervenstnoel/Documents/Nanobeasts\ Native/build/Device/Build/Intermediates.noindex/Nanobeasts.build/Debug-iphoneos/Nanobeasts.build/Objects-normal/arm64/Nanobeasts.swiftmodule @/Users/ervenstnoel/Documents/Nanobeasts\ Native/build/Device/Build/Intermediates.noindex/Nanobeasts.build/Debug-iphoneos/Nanobeasts.build/Objects-normal/arm64/Nanobeasts-linker-args.resp -Wl,-no_warn_duplicate_libraries -Wl,-no_warn_duplicate_libraries -Wl,-no_warn_duplicate_libraries -Wl,-no_warn_duplicate_libraries -Xlinker -alias -Xlinker _main -Xlinker ___debug_main_executable_dylib_entry_point -framework HealthKit -framework CoreMotion -framework Charts -framework ActivityKit -framework MapKit -framework WatchConnectivity -Xlinker -no_adhoc_codesign -o /Users/ervenstnoel/Documents/Nanobeasts\ Native/build/Device/Build/Products/Debug-iphoneos/Nanobeasts.app/Nanobeasts.debug.dylib -Xlinker -add_ast_path -Xlinker /Users/ervenstnoel/Documents/Nanobeasts\ Native/build/Device/Build/Intermediates.noindex/RevenueCat.build/Debug-iphoneos/RevenueCat.build/Objects-normal/arm64/RevenueCat.swiftmodule @/Users/ervenstnoel/Documents/Nanobeasts\ Native/build/Device/Build/Intermediates.noindex/RevenueCat.build/Debug-iphoneos/RevenueCat.build/Objects-normal/arm64/RevenueCat-linker-args.resp

ConstructStubExecutorLinkFileList /Users/ervenstnoel/Documents/Nanobeasts\ Native/build/Device/Build/Intermediates.noindex/Nanobeasts.build/Debug-iphoneos/Nanobeasts.build/Nanobeasts-ExecutorLinkFileList-normal-arm64.txt (in target 'Nanobeasts' from project 'Nanobeasts')
    cd /Users/ervenstnoel/Documents/Nanobeasts\ Native
    construct-stub-executor-link-file-list /Users/ervenstnoel/Documents/Nanobeasts\ Native/build/Device/Build/Products/Debug-iphoneos/Nanobeasts.app/Nanobeasts.debug.dylib /Applications/Xcode.app/Contents/Developer/Platforms/iPhoneOS.platform/Developer/usr/lib/libPreviewsJITStubExecutor_no_swift_entry_point.a /Applications/Xcode.app/Contents/Developer/Platforms/iPhoneOS.platform/Developer/usr/lib/libPreviewsJITStubExecutor.a --output /Users/ervenstnoel/Documents/Nanobeasts\ Native/build/Device/Build/Intermediates.noindex/Nanobeasts.build/Debug-iphoneos/Nanobeasts.build/Nanobeasts-ExecutorLinkFileList-normal-arm64.txt
note: Using stub executor library with Swift entry point. (in target 'Nanobeasts' from project 'Nanobeasts')

Ld /Users/ervenstnoel/Documents/Nanobeasts\ Native/build/Device/Build/Products/Debug-iphoneos/Nanobeasts.app/Nanobeasts normal (in target 'Nanobeasts' from project 'Nanobeasts')
    cd /Users/ervenstnoel/Documents/Nanobeasts\ Native
    /Applications/Xcode.app/Contents/Developer/Toolchains/XcodeDefault.xctoolchain/usr/bin/clang -Xlinker -reproducible -target arm64-apple-ios17.0 -isysroot /Applications/Xcode.app/Contents/Developer/Platforms/iPhoneOS.platform/Developer/SDKs/iPhoneOS26.5.sdk -O0 -L/Users/ervenstnoel/Documents/Nanobeasts\ Native/build/Device/Build/Products/Debug-iphoneos -F/Users/ervenstnoel/Documents/Nanobeasts\ Native/build/Device/Build/Products/Debug-iphoneos/PackageFrameworks -F/Users/ervenstnoel/Documents/Nanobeasts\ Native/build/Device/Build/Products/Debug-iphoneos/PackageFrameworks -F/Users/ervenstnoel/Documents/Nanobeasts\ Native/build/Device/Build/Products/Debug-iphoneos/PackageFrameworks -F/Users/ervenstnoel/Documents/Nanobeasts\ Native/build/Device/Build/Products/Debug-iphoneos/PackageFrameworks -F/Users/ervenstnoel/Documents/Nanobeasts\ Native/build/Device/Build/Products/Debug-iphoneos -Xlinker -rpath -Xlinker @executable_path -Xlinker -rpath -Xlinker /Users/ervenstnoel/Documents/Nanobeasts\ Native/build/Device/Build/Products/Debug-iphoneos/PackageFrameworks -Xlinker -rpath -Xlinker @executable_path/Frameworks -rdynamic -Xlinker -no_deduplicate -e ___debug_blank_executor_main -Xlinker -sectcreate -Xlinker __TEXT -Xlinker __debug_dylib -Xlinker /Users/ervenstnoel/Documents/Nanobeasts\ Native/build/Device/Build/Intermediates.noindex/Nanobeasts.build/Debug-iphoneos/Nanobeasts.build/Nanobeasts-DebugDylibPath-normal-arm64.txt -Xlinker -sectcreate -Xlinker __TEXT -Xlinker __debug_instlnm -Xlinker /Users/ervenstnoel/Documents/Nanobeasts\ Native/build/Device/Build/Intermediates.noindex/Nanobeasts.build/Debug-iphoneos/Nanobeasts.build/Nanobeasts-DebugDylibInstallName-normal-arm64.txt -Xlinker -filelist -Xlinker /Users/ervenstnoel/Documents/Nanobeasts\ Native/build/Device/Build/Intermediates.noindex/Nanobeasts.build/Debug-iphoneos/Nanobeasts.build/Nanobeasts-ExecutorLinkFileList-normal-arm64.txt /Users/ervenstnoel/Documents/Nanobeasts\ Native/build/Device/Build/Products/Debug-iphoneos/Nanobeasts.app/Nanobeasts.debug.dylib -Xlinker -no_adhoc_codesign -o /Users/ervenstnoel/Documents/Nanobeasts\ Native/build/Device/Build/Products/Debug-iphoneos/Nanobeasts.app/Nanobeasts

Copy /Users/ervenstnoel/Documents/Nanobeasts\ Native/build/Device/Build/Products/Debug-iphoneos/Nanobeasts.app/PlugIns/NanobeastsWidgets.appex /Users/ervenstnoel/Documents/Nanobeasts\ Native/build/Device/Build/Products/Debug-iphoneos/NanobeastsWidgets.appex (in target 'Nanobeasts' from project 'Nanobeasts')
    cd /Users/ervenstnoel/Documents/Nanobeasts\ Native
    builtin-copy -exclude .DS_Store -exclude CVS -exclude .svn -exclude .git -exclude .hg -exclude Headers -exclude PrivateHeaders -exclude Modules -exclude \*.tbd -resolve-src-symlinks -remove-static-executable /Users/ervenstnoel/Documents/Nanobeasts\ Native/build/Device/Build/Products/Debug-iphoneos/NanobeastsWidgets.appex /Users/ervenstnoel/Documents/Nanobeasts\ Native/build/Device/Build/Products/Debug-iphoneos/Nanobeasts.app/PlugIns

Copy /Users/ervenstnoel/Documents/Nanobeasts\ Native/build/Device/Build/Products/Debug-iphoneos/Nanobeasts.app/Watch/NanobeastsWatch.app /Users/ervenstnoel/Documents/Nanobeasts\ Native/build/Device/Build/Products/Debug-watchos/NanobeastsWatch.app (in target 'Nanobeasts' from project 'Nanobeasts')
    cd /Users/ervenstnoel/Documents/Nanobeasts\ Native
    builtin-copy -exclude .DS_Store -exclude CVS -exclude .svn -exclude .git -exclude .hg -exclude Headers -exclude PrivateHeaders -exclude Modules -exclude \*.tbd -resolve-src-symlinks -remove-static-executable /Users/ervenstnoel/Documents/Nanobeasts\ Native/build/Device/Build/Products/Debug-watchos/NanobeastsWatch.app /Users/ervenstnoel/Documents/Nanobeasts\ Native/build/Device/Build/Products/Debug-iphoneos/Nanobeasts.app/Watch

ProcessInfoPlistFile /Users/ervenstnoel/Documents/Nanobeasts\ Native/build/Device/Build/Products/Debug-iphoneos/Nanobeasts.app/Info.plist /Users/ervenstnoel/Documents/Nanobeasts\ Native/Nanobeasts/Info.plist (in target 'Nanobeasts' from project 'Nanobeasts')
    cd /Users/ervenstnoel/Documents/Nanobeasts\ Native
    builtin-infoPlistUtility /Users/ervenstnoel/Documents/Nanobeasts\ Native/Nanobeasts/Info.plist -producttype com.apple.product-type.application -genpkginfo /Users/ervenstnoel/Documents/Nanobeasts\ Native/build/Device/Build/Products/Debug-iphoneos/Nanobeasts.app/PkgInfo -expandbuildsettings -format binary -platform iphoneos -additionalcontentfile /Users/ervenstnoel/Documents/Nanobeasts\ Native/build/Device/Build/Intermediates.noindex/Nanobeasts.build/Debug-iphoneos/Nanobeasts.build/assetcatalog_generated_info.plist -scanforprivacyfile /Users/ervenstnoel/Documents/Nanobeasts\ Native/build/Device/Build/Products/Debug-iphoneos/Nanobeasts.app/PlugIns/NanobeastsWidgets.appex -scanforprivacyfile /Users/ervenstnoel/Documents/Nanobeasts\ Native/build/Device/Build/Products/Debug-iphoneos/Nanobeasts.app/RevenueCat_RevenueCat.bundle -scanforprivacyfile /Users/ervenstnoel/Documents/Nanobeasts\ Native/build/Device/Build/Products/Debug-iphoneos/Nanobeasts.app/SDWebImage_SDWebImage.bundle -scanforprivacyfile /Users/ervenstnoel/Documents/Nanobeasts\ Native/build/Device/Build/Products/Debug-iphoneos/Nanobeasts.app/Watch/NanobeastsWatch.app -requiredArchitecture arm64 -o /Users/ervenstnoel/Documents/Nanobeasts\ Native/build/Device/Build/Products/Debug-iphoneos/Nanobeasts.app/Info.plist

CopySwiftLibs /Users/ervenstnoel/Documents/Nanobeasts\ Native/build/Device/Build/Products/Debug-iphoneos/Nanobeasts.app (in target 'Nanobeasts' from project 'Nanobeasts')
    cd /Users/ervenstnoel/Documents/Nanobeasts\ Native
    builtin-swiftStdLibTool --copy --verbose --sign F2A91A5A78E301C3D49539D0F6EFFDBA88F2249E --scan-executable /Users/ervenstnoel/Documents/Nanobeasts\ Native/build/Device/Build/Products/Debug-iphoneos/Nanobeasts.app/Nanobeasts.debug.dylib --scan-folder /Users/ervenstnoel/Documents/Nanobeasts\ Native/build/Device/Build/Products/Debug-iphoneos/Nanobeasts.app/Frameworks --scan-folder /Users/ervenstnoel/Documents/Nanobeasts\ Native/build/Device/Build/Products/Debug-iphoneos/Nanobeasts.app/PlugIns --scan-folder /Users/ervenstnoel/Documents/Nanobeasts\ Native/build/Device/Build/Products/Debug-iphoneos/Nanobeasts.app/SystemExtensions --scan-folder /Users/ervenstnoel/Documents/Nanobeasts\ Native/build/Device/Build/Products/Debug-iphoneos/Nanobeasts.app/Extensions --scan-folder /Applications/Xcode.app/Contents/Developer/Platforms/iPhoneOS.platform/Developer/SDKs/iPhoneOS26.5.sdk/System/Library/Frameworks/HealthKit.framework --scan-folder /Applications/Xcode.app/Contents/Developer/Platforms/iPhoneOS.platform/Developer/SDKs/iPhoneOS26.5.sdk/System/Library/Frameworks/CoreMotion.framework --scan-folder /Applications/Xcode.app/Contents/Developer/Platforms/iPhoneOS.platform/Developer/SDKs/iPhoneOS26.5.sdk/System/Library/Frameworks/Charts.framework --scan-folder /Applications/Xcode.app/Contents/Developer/Platforms/iPhoneOS.platform/Developer/SDKs/iPhoneOS26.5.sdk/System/Library/Frameworks/ActivityKit.framework --scan-folder /Applications/Xcode.app/Contents/Developer/Platforms/iPhoneOS.platform/Developer/SDKs/iPhoneOS26.5.sdk/System/Library/Frameworks/MapKit.framework --scan-folder /Applications/Xcode.app/Contents/Developer/Platforms/iPhoneOS.platform/Developer/SDKs/iPhoneOS26.5.sdk/System/Library/Frameworks/WatchConnectivity.framework --platform iphoneos --toolchain /Applications/Xcode.app/Contents/Developer/Toolchains/XcodeDefault.xctoolchain --destination /Users/ervenstnoel/Documents/Nanobeasts\ Native/build/Device/Build/Products/Debug-iphoneos/Nanobeasts.app/Frameworks --strip-bitcode --strip-bitcode-tool /Applications/Xcode.app/Contents/Developer/Toolchains/XcodeDefault.xctoolchain/usr/bin/bitcode_strip --emit-dependency-info /Users/ervenstnoel/Documents/Nanobeasts\ Native/build/Device/Build/Intermediates.noindex/Nanobeasts.build/Debug-iphoneos/Nanobeasts.build/SwiftStdLibToolInputDependencies.dep --filter-for-swift-os

ExtractAppIntentsMetadata (in target 'Nanobeasts' from project 'Nanobeasts')
    cd /Users/ervenstnoel/Documents/Nanobeasts\ Native
    /Applications/Xcode.app/Contents/Developer/Toolchains/XcodeDefault.xctoolchain/usr/bin/appintentsmetadataprocessor --toolchain-dir /Applications/Xcode.app/Contents/Developer/Toolchains/XcodeDefault.xctoolchain --module-name Nanobeasts --sdk-root /Applications/Xcode.app/Contents/Developer/Platforms/iPhoneOS.platform/Developer/SDKs/iPhoneOS26.5.sdk --xcode-version 17F42 --platform-family iOS --deployment-target 17.0 --bundle-identifier com.twosyntaxerrors.nanobeasts.native --output /Users/ervenstnoel/Documents/Nanobeasts\ Native/build/Device/Build/Products/Debug-iphoneos/Nanobeasts.app --target-triple arm64-apple-ios17.0 --binary-file /Users/ervenstnoel/Documents/Nanobeasts\ Native/build/Device/Build/Products/Debug-iphoneos/Nanobeasts.app/Nanobeasts --dependency-file /Users/ervenstnoel/Documents/Nanobeasts\ Native/build/Device/Build/Intermediates.noindex/Nanobeasts.build/Debug-iphoneos/Nanobeasts.build/Objects-normal/arm64/Nanobeasts_dependency_info.dat --stringsdata-file /Users/ervenstnoel/Documents/Nanobeasts\ Native/build/Device/Build/Intermediates.noindex/Nanobeasts.build/Debug-iphoneos/Nanobeasts.build/Objects-normal/arm64/ExtractedAppShortcutsMetadata.stringsdata --source-file-list /Users/ervenstnoel/Documents/Nanobeasts\ Native/build/Device/Build/Intermediates.noindex/Nanobeasts.build/Debug-iphoneos/Nanobeasts.build/Objects-normal/arm64/Nanobeasts.SwiftFileList --metadata-file-list /Users/ervenstnoel/Documents/Nanobeasts\ Native/build/Device/Build/Intermediates.noindex/Nanobeasts.build/Debug-iphoneos/Nanobeasts.build/Nanobeasts.DependencyMetadataFileList --static-metadata-file-list /Users/ervenstnoel/Documents/Nanobeasts\ Native/build/Device/Build/Intermediates.noindex/Nanobeasts.build/Debug-iphoneos/Nanobeasts.build/Nanobeasts.DependencyStaticMetadataFileList --swift-const-vals-list /Users/ervenstnoel/Documents/Nanobeasts\ Native/build/Device/Build/Intermediates.noindex/Nanobeasts.build/Debug-iphoneos/Nanobeasts.build/Objects-normal/arm64/Nanobeasts.SwiftConstValuesFileList --compile-time-extraction --deployment-aware-processing --validate-assistant-intents --no-app-shortcuts-localization
2026-09-08 18:06:35.441 appintentsmetadataprocessor[70515:541688] Starting appintentsmetadataprocessor export
2026-09-08 18:06:35.500 appintentsmetadataprocessor[70515:541688] Writing Metadata.appintents
2026-09-08 18:06:35.500 appintentsmetadataprocessor[70515:541688] Metadata root: /Users/ervenstnoel/Documents/Nanobeasts Native/build/Device/Build/Products/Debug-iphoneos/Nanobeasts.app/Metadata.appintents

AppIntentsSSUTraining (in target 'Nanobeasts' from project 'Nanobeasts')
    cd /Users/ervenstnoel/Documents/Nanobeasts\ Native
    /Applications/Xcode.app/Contents/Developer/Toolchains/XcodeDefault.xctoolchain/usr/bin/appintentsnltrainingprocessor --infoplist-path /Users/ervenstnoel/Documents/Nanobeasts\ Native/build/Device/Build/Products/Debug-iphoneos/Nanobeasts.app/Info.plist --temp-dir-path /Users/ervenstnoel/Documents/Nanobeasts\ Native/build/Device/Build/Intermediates.noindex/Nanobeasts.build/Debug-iphoneos/Nanobeasts.build/ssu --bundle-id com.twosyntaxerrors.nanobeasts.native --product-path /Users/ervenstnoel/Documents/Nanobeasts\ Native/build/Device/Build/Products/Debug-iphoneos/Nanobeasts.app --extracted-metadata-path /Users/ervenstnoel/Documents/Nanobeasts\ Native/build/Device/Build/Products/Debug-iphoneos/Nanobeasts.app/Metadata.appintents --metadata-file-list /Users/ervenstnoel/Documents/Nanobeasts\ Native/build/Device/Build/Intermediates.noindex/Nanobeasts.build/Debug-iphoneos/Nanobeasts.build/Nanobeasts.DependencyMetadataFileList --source-file /Users/ervenstnoel/Documents/Nanobeasts\ Native/build/Device/Build/Products/Debug-iphoneos/Nanobeasts.app/Info.plist --archive-ssu-assets
2026-09-08 18:06:35.537 appintentsnltrainingprocessor[70516:541693] Parsing options for appintentsnltrainingprocessor
2026-09-08 18:06:35.538 appintentsnltrainingprocessor[70516:541693] Starting AppIntents SSU YAML Generation
2026-09-08 18:06:35.553 appintentsnltrainingprocessor[70516:541693] No AppShortcuts found - Skipping.

CodeSign /Users/ervenstnoel/Documents/Nanobeasts\ Native/build/Device/Build/Products/Debug-iphoneos/Nanobeasts.app/Nanobeasts.debug.dylib (in target 'Nanobeasts' from project 'Nanobeasts')
    cd /Users/ervenstnoel/Documents/Nanobeasts\ Native
    
    Signing Identity:     "Apple Development: Ervenst Noel (TS5WNTMNXC)"
    Provisioning Profile: "Nanobeasts Native Development"
                          (8a48b88c-eaa6-432b-be12-65feb5f83ca6)
    
    /usr/bin/codesign --force --sign F2A91A5A78E301C3D49539D0F6EFFDBA88F2249E --timestamp\=none --generate-entitlement-der /Users/ervenstnoel/Documents/Nanobeasts\ Native/build/Device/Build/Products/Debug-iphoneos/Nanobeasts.app/Nanobeasts.debug.dylib

CodeSign /Users/ervenstnoel/Documents/Nanobeasts\ Native/build/Device/Build/Products/Debug-iphoneos/Nanobeasts.app/__preview.dylib (in target 'Nanobeasts' from project 'Nanobeasts')
    cd /Users/ervenstnoel/Documents/Nanobeasts\ Native
    
    Signing Identity:     "Apple Development: Ervenst Noel (TS5WNTMNXC)"
    Provisioning Profile: "Nanobeasts Native Development"
                          (8a48b88c-eaa6-432b-be12-65feb5f83ca6)
    
    /usr/bin/codesign --force --sign F2A91A5A78E301C3D49539D0F6EFFDBA88F2249E --timestamp\=none --generate-entitlement-der /Users/ervenstnoel/Documents/Nanobeasts\ Native/build/Device/Build/Products/Debug-iphoneos/Nanobeasts.app/__preview.dylib
/Users/ervenstnoel/Documents/Nanobeasts Native/build/Device/Build/Products/Debug-iphoneos/Nanobeasts.app/__preview.dylib: replacing existing signature

CodeSign /Users/ervenstnoel/Documents/Nanobeasts\ Native/build/Device/Build/Products/Debug-iphoneos/Nanobeasts.app (in target 'Nanobeasts' from project 'Nanobeasts')
    cd /Users/ervenstnoel/Documents/Nanobeasts\ Native
    
    Signing Identity:     "Apple Development: Ervenst Noel (TS5WNTMNXC)"
    Provisioning Profile: "Nanobeasts Native Development"
                          (8a48b88c-eaa6-432b-be12-65feb5f83ca6)
    
    /usr/bin/codesign --force --sign F2A91A5A78E301C3D49539D0F6EFFDBA88F2249E --entitlements /Users/ervenstnoel/Documents/Nanobeasts\ Native/build/Device/Build/Intermediates.noindex/Nanobeasts.build/Debug-iphoneos/Nanobeasts.build/Nanobeasts.app.xcent --timestamp\=none --generate-entitlement-der /Users/ervenstnoel/Documents/Nanobeasts\ Native/build/Device/Build/Products/Debug-iphoneos/Nanobeasts.app

ValidateEmbeddedBinary /Users/ervenstnoel/Documents/Nanobeasts\ Native/build/Device/Build/Products/Debug-iphoneos/Nanobeasts.app/Watch/NanobeastsWatch.app (in target 'Nanobeasts' from project 'Nanobeasts')
    cd /Users/ervenstnoel/Documents/Nanobeasts\ Native
    /Applications/Xcode.app/Contents/Developer/usr/bin/embeddedBinaryValidationUtility /Users/ervenstnoel/Documents/Nanobeasts\ Native/build/Device/Build/Products/Debug-iphoneos/Nanobeasts.app/Watch/NanobeastsWatch.app -signing-cert F2A91A5A78E301C3D49539D0F6EFFDBA88F2249E -info-plist-path /Users/ervenstnoel/Documents/Nanobeasts\ Native/build/Device/Build/Products/Debug-iphoneos/Nanobeasts.app/Info.plist

ValidateEmbeddedBinary /Users/ervenstnoel/Documents/Nanobeasts\ Native/build/Device/Build/Products/Debug-iphoneos/Nanobeasts.app/PlugIns/NanobeastsWidgets.appex (in target 'Nanobeasts' from project 'Nanobeasts')
    cd /Users/ervenstnoel/Documents/Nanobeasts\ Native
    /Applications/Xcode.app/Contents/Developer/usr/bin/embeddedBinaryValidationUtility /Users/ervenstnoel/Documents/Nanobeasts\ Native/build/Device/Build/Products/Debug-iphoneos/Nanobeasts.app/PlugIns/NanobeastsWidgets.appex -signing-cert F2A91A5A78E301C3D49539D0F6EFFDBA88F2249E -info-plist-path /Users/ervenstnoel/Documents/Nanobeasts\ Native/build/Device/Build/Products/Debug-iphoneos/Nanobeasts.app/Info.plist

Validate /Users/ervenstnoel/Documents/Nanobeasts\ Native/build/Device/Build/Products/Debug-iphoneos/Nanobeasts.app (in target 'Nanobeasts' from project 'Nanobeasts')
    cd /Users/ervenstnoel/Documents/Nanobeasts\ Native
    builtin-validationUtility /Users/ervenstnoel/Documents/Nanobeasts\ Native/build/Device/Build/Products/Debug-iphoneos/Nanobeasts.app -shallow-bundle -infoplist-subpath Info.plist

** BUILD SUCCEEDED **

